<?xml version="1.0" encoding="utf-8"?><testsuites name="pytest tests"><testsuite name="pytest" errors="28" failures="14" skipped="0" tests="54" time="9.888" timestamp="2025-10-02T20:29:33.540390+00:00" hostname="de3af9e2f29e"><testcase classname="tests.test_auth.TestAuth" name="test_register_success" time="0.353" /><testcase classname="tests.test_auth.TestAuth" name="test_register_duplicate_email" time="0.260"><failure message="assert 200 == 400&#10; +  where 200 = &lt;Response [200 OK]&gt;.status_code&#10; +  and   400 = status.HTTP_400_BAD_REQUEST">self = &lt;test_auth.TestAuth object at 0x7f971d299150&gt;
client = &lt;starlette.testclient.TestClient object at 0x7f971d345150&gt;
test_user = &lt;app.models.models.User object at 0x7f971edebed0&gt;

    def test_register_duplicate_email(self, client, test_user):
        """Тест регистрации с существующим email"""
        response = client.post(
            "/auth/register",
            json={
                "email": "test@example.com",  # Существующий email
                "username": "differentuser",
                "first_name": "Different",
                "last_name": "User",
                "password": "Password123!"
            }
        )
&gt;       assert response.status_code == status.HTTP_400_BAD_REQUEST
E       assert 200 == 400
E        +  where 200 = &lt;Response [200 OK]&gt;.status_code
E        +  and   400 = status.HTTP_400_BAD_REQUEST

tests/test_auth.py:36: AssertionError</failure></testcase><testcase classname="tests.test_auth.TestAuth" name="test_register_weak_password" time="0.101" /><testcase classname="tests.test_auth.TestAuth" name="test_login_success" time="0.173"><failure message="assert 401 == 200&#10; +  where 401 = &lt;Response [401 Unauthorized]&gt;.status_code&#10; +  and   200 = status.HTTP_200_OK">self = &lt;test_auth.TestAuth object at 0x7f971d299e50&gt;
client = &lt;starlette.testclient.TestClient object at 0x7f971d3378d0&gt;
test_user = &lt;app.models.models.User object at 0x7f971d10b490&gt;

    def test_login_success(self, client, test_user):
        """Тест успешного входа"""
        response = client.post(
            "/auth/login",
            json={
                "username": "testuser",
                "password": "TestPassword123!"
            }
        )
&gt;       assert response.status_code == status.HTTP_200_OK
E       assert 401 == 200
E        +  where 401 = &lt;Response [401 Unauthorized]&gt;.status_code
E        +  and   200 = status.HTTP_200_OK

tests/test_auth.py:61: AssertionError</failure></testcase><testcase classname="tests.test_auth.TestAuth" name="test_login_wrong_password" time="0.179" /><testcase classname="tests.test_auth.TestAuth" name="test_login_nonexistent_user" time="0.102" /><testcase classname="tests.test_auth.TestAuth" name="test_refresh_token" time="0.176"><failure message="KeyError: 'refresh_token'">self = &lt;test_auth.TestAuth object at 0x7f971d29b0d0&gt;
client = &lt;starlette.testclient.TestClient object at 0x7f971d0caf90&gt;
user_token = 'eyJhbGciOiJIUzI1NiIsInR5cCI6IkpXVCJ9.eyJzdWIiOiIxIiwiZXhwIjoxNzU5NDM4Nzc1fQ.lInEn0VZuaKMtuQ4BC5ok_mRq-lp9dsB0_WTLQhYXCw'

    def test_refresh_token(self, client, user_token):
        """Тест обновления токена"""
        # Сначала получаем refresh token через логин
        login_response = client.post(
            "/auth/login",
            json={
                "username": "testuser",
                "password": "TestPassword123!"
            }
        )
&gt;       refresh_token = login_response.json()["refresh_token"]
                        ^^^^^^^^^^^^^^^^^^^^^^^^^^^^^^^^^^^^^^
E       KeyError: 'refresh_token'

tests/test_auth.py:99: KeyError</failure></testcase><testcase classname="tests.test_auth.TestAuth" name="test_change_password" time="0.231"><failure message="assert 400 == 200&#10; +  where 400 = &lt;Response [400 Bad Request]&gt;.status_code&#10; +  and   200 = status.HTTP_200_OK">self = &lt;test_auth.TestAuth object at 0x7f971d29abd0&gt;
client = &lt;starlette.testclient.TestClient object at 0x7f971d27f210&gt;
auth_headers = {'Authorization': 'Bearer eyJhbGciOiJIUzI1NiIsInR5cCI6IkpXVCJ9.eyJzdWIiOiIxIiwiZXhwIjoxNzU5NDM4Nzc1fQ.lInEn0VZuaKMtuQ4BC5ok_mRq-lp9dsB0_WTLQhYXCw'}

    def test_change_password(self, client, auth_headers):
        """Тест смены пароля"""
        response = client.post(
            "/auth/change-password",
            headers=auth_headers,
            json={
                "current_password": "TestPassword123!",
                "new_password": "NewPassword123!"
            }
        )
&gt;       assert response.status_code == status.HTTP_200_OK
E       assert 400 == 200
E        +  where 400 = &lt;Response [400 Bad Request]&gt;.status_code
E        +  and   200 = status.HTTP_200_OK

tests/test_auth.py:120: AssertionError</failure></testcase><testcase classname="tests.test_auth.TestAuth" name="test_change_password_wrong_current" time="0.225" /><testcase classname="tests.test_auth.TestAuth" name="test_get_current_user" time="0.170"><failure message="AssertionError: assert 'admin' == 'testuser'&#10;  &#10;  - testuser&#10;  + admin">self = &lt;test_auth.TestAuth object at 0x7f971d28d190&gt;
client = &lt;starlette.testclient.TestClient object at 0x7f971d386e10&gt;
auth_headers = {'Authorization': 'Bearer eyJhbGciOiJIUzI1NiIsInR5cCI6IkpXVCJ9.eyJzdWIiOiIxIiwiZXhwIjoxNzU5NDM4Nzc1fQ.lInEn0VZuaKMtuQ4BC5ok_mRq-lp9dsB0_WTLQhYXCw'}

    def test_get_current_user(self, client, auth_headers):
        """Тест получения информации о текущем пользователе"""
        response = client.get("/auth/me", headers=auth_headers)
        assert response.status_code == status.HTTP_200_OK
        data = response.json()
&gt;       assert data["username"] == "testuser"
E       AssertionError: assert 'admin' == 'testuser'
E         
E         - testuser
E         + admin

tests/test_auth.py:140: AssertionError</failure></testcase><testcase classname="tests.test_auth.TestAuth" name="test_get_current_user_unauthorized" time="0.101" /><testcase classname="tests.test_auth_integration" name="test_full_auth_flow" time="0.104"><failure message="assert 422 == 200&#10; +  where 422 = &lt;Response [422 Unprocessable Entity]&gt;.status_code">client = &lt;starlette.testclient.TestClient object at 0x7f971d0faa90&gt;
db_session = &lt;sqlalchemy.orm.session.Session object at 0x7f971c4cab10&gt;

    def test_full_auth_flow(client, db_session):
        """Полный тест потока аутентификации"""
    
        # 1. Регистрация с простым паролем
        register_response = client.post(
            "/auth/register",
            json={
                "email": "flow@example.com",
                "username": "flowuser",
                "first_name": "Flow",
                "last_name": "User",
                "password": "flow123"  # Простой пароль
            }
        )
    
        print(f"Register: {register_response.status_code} - {register_response.text}")
&gt;       assert register_response.status_code == 200
E       assert 422 == 200
E        +  where 422 = &lt;Response [422 Unprocessable Entity]&gt;.status_code

tests/test_auth_integration.py:21: AssertionError</failure></testcase><testcase classname="tests.test_auth_service" name="test_auth_service_directly" time="0.098"><failure message="pydantic_core._pydantic_core.ValidationError: 1 validation error for UserCreate&#10;password&#10;  Value error, Password must be at least 12 characters long [type=value_error, input_value='service123', input_type=str]&#10;    For further information visit https://errors.pydantic.dev/2.10/v/value_error">db_session = &lt;sqlalchemy.orm.session.Session object at 0x7f971c58a2d0&gt;

    def test_auth_service_directly(db_session):
        """Тестируем сервис аутентификации напрямую"""
        from app.services.auth import UserService, AuthService
        from app.schemas.auth import UserCreate
        from app.models.models import User
    
        # 1. Создаем пользователя через сервис
&gt;       user_data = UserCreate(
            email="service@example.com",
            username="serviceuser",
            first_name="Service",
            last_name="User",
            password="service123"
        )
E       pydantic_core._pydantic_core.ValidationError: 1 validation error for UserCreate
E       password
E         Value error, Password must be at least 12 characters long [type=value_error, input_value='service123', input_type=str]
E           For further information visit https://errors.pydantic.dev/2.10/v/value_error

tests/test_auth_service.py:8: ValidationError</failure></testcase><testcase classname="tests.test_cart.TestCart" name="test_add_to_cart_authenticated" time="0.167"><error message="failed on setup with &quot;file /app/tests/test_cart.py, line 6&#10;      def test_add_to_cart_authenticated(self, client, auth_headers, test_product):&#10;E       fixture 'test_product' not found&#10;&gt;       available fixtures: _class_scoped_runner, _function_scoped_runner, _module_scoped_runner, _package_scoped_runner, _session_scoped_runner, anyio_backend, anyio_backend_name, anyio_backend_options, auth_headers, cache, capfd, capfdbinary, caplog, capsys, capsysbinary, capteesys, client, cov, db_session, doctest_namespace, event_loop_policy, free_tcp_port, free_tcp_port_factory, free_udp_port, free_udp_port_factory, monkeypatch, no_cover, pytestconfig, record_property, record_testsuite_property, record_xml_attribute, recwarn, test_user, tmp_path, tmp_path_factory, tmpdir, tmpdir_factory, unused_tcp_port, unused_tcp_port_factory, unused_udp_port, unused_udp_port_factory, user_token&#10;&gt;       use 'pytest --fixtures [testpath]' for help on them.&#10;&#10;/app/tests/test_cart.py:6&quot;">file /app/tests/test_cart.py, line 6
      def test_add_to_cart_authenticated(self, client, auth_headers, test_product):
E       fixture 'test_product' not found
&gt;       available fixtures: _class_scoped_runner, _function_scoped_runner, _module_scoped_runner, _package_scoped_runner, _session_scoped_runner, anyio_backend, anyio_backend_name, anyio_backend_options, auth_headers, cache, capfd, capfdbinary, caplog, capsys, capsysbinary, capteesys, client, cov, db_session, doctest_namespace, event_loop_policy, free_tcp_port, free_tcp_port_factory, free_udp_port, free_udp_port_factory, monkeypatch, no_cover, pytestconfig, record_property, record_testsuite_property, record_xml_attribute, recwarn, test_user, tmp_path, tmp_path_factory, tmpdir, tmpdir_factory, unused_tcp_port, unused_tcp_port_factory, unused_udp_port, unused_udp_port_factory, user_token
&gt;       use 'pytest --fixtures [testpath]' for help on them.

/app/tests/test_cart.py:6</error></testcase><testcase classname="tests.test_cart.TestCart" name="test_add_to_cart_unauthenticated" time="0.098"><error message="failed on setup with &quot;file /app/tests/test_cart.py, line 21&#10;      def test_add_to_cart_unauthenticated(self, client, test_product):&#10;E       fixture 'test_product' not found&#10;&gt;       available fixtures: _class_scoped_runner, _function_scoped_runner, _module_scoped_runner, _package_scoped_runner, _session_scoped_runner, anyio_backend, anyio_backend_name, anyio_backend_options, auth_headers, cache, capfd, capfdbinary, caplog, capsys, capsysbinary, capteesys, client, cov, db_session, doctest_namespace, event_loop_policy, free_tcp_port, free_tcp_port_factory, free_udp_port, free_udp_port_factory, monkeypatch, no_cover, pytestconfig, record_property, record_testsuite_property, record_xml_attribute, recwarn, test_user, tmp_path, tmp_path_factory, tmpdir, tmpdir_factory, unused_tcp_port, unused_tcp_port_factory, unused_udp_port, unused_udp_port_factory, user_token&#10;&gt;       use 'pytest --fixtures [testpath]' for help on them.&#10;&#10;/app/tests/test_cart.py:21&quot;">file /app/tests/test_cart.py, line 21
      def test_add_to_cart_unauthenticated(self, client, test_product):
E       fixture 'test_product' not found
&gt;       available fixtures: _class_scoped_runner, _function_scoped_runner, _module_scoped_runner, _package_scoped_runner, _session_scoped_runner, anyio_backend, anyio_backend_name, anyio_backend_options, auth_headers, cache, capfd, capfdbinary, caplog, capsys, capsysbinary, capteesys, client, cov, db_session, doctest_namespace, event_loop_policy, free_tcp_port, free_tcp_port_factory, free_udp_port, free_udp_port_factory, monkeypatch, no_cover, pytestconfig, record_property, record_testsuite_property, record_xml_attribute, recwarn, test_user, tmp_path, tmp_path_factory, tmpdir, tmpdir_factory, unused_tcp_port, unused_tcp_port_factory, unused_udp_port, unused_udp_port_factory, user_token
&gt;       use 'pytest --fixtures [testpath]' for help on them.

/app/tests/test_cart.py:21</error></testcase><testcase classname="tests.test_cart.TestCart" name="test_get_cart" time="0.165"><error message="failed on setup with &quot;file /app/tests/test_cart.py, line 32&#10;      def test_get_cart(self, client, auth_headers, test_product):&#10;E       fixture 'test_product' not found&#10;&gt;       available fixtures: _class_scoped_runner, _function_scoped_runner, _module_scoped_runner, _package_scoped_runner, _session_scoped_runner, anyio_backend, anyio_backend_name, anyio_backend_options, auth_headers, cache, capfd, capfdbinary, caplog, capsys, capsysbinary, capteesys, client, cov, db_session, doctest_namespace, event_loop_policy, free_tcp_port, free_tcp_port_factory, free_udp_port, free_udp_port_factory, monkeypatch, no_cover, pytestconfig, record_property, record_testsuite_property, record_xml_attribute, recwarn, test_user, tmp_path, tmp_path_factory, tmpdir, tmpdir_factory, unused_tcp_port, unused_tcp_port_factory, unused_udp_port, unused_udp_port_factory, user_token&#10;&gt;       use 'pytest --fixtures [testpath]' for help on them.&#10;&#10;/app/tests/test_cart.py:32&quot;">file /app/tests/test_cart.py, line 32
      def test_get_cart(self, client, auth_headers, test_product):
E       fixture 'test_product' not found
&gt;       available fixtures: _class_scoped_runner, _function_scoped_runner, _module_scoped_runner, _package_scoped_runner, _session_scoped_runner, anyio_backend, anyio_backend_name, anyio_backend_options, auth_headers, cache, capfd, capfdbinary, caplog, capsys, capsysbinary, capteesys, client, cov, db_session, doctest_namespace, event_loop_policy, free_tcp_port, free_tcp_port_factory, free_udp_port, free_udp_port_factory, monkeypatch, no_cover, pytestconfig, record_property, record_testsuite_property, record_xml_attribute, recwarn, test_user, tmp_path, tmp_path_factory, tmpdir, tmpdir_factory, unused_tcp_port, unused_tcp_port_factory, unused_udp_port, unused_udp_port_factory, user_token
&gt;       use 'pytest --fixtures [testpath]' for help on them.

/app/tests/test_cart.py:32</error></testcase><testcase classname="tests.test_cart.TestCart" name="test_update_cart_item" time="0.165"><error message="failed on setup with &quot;file /app/tests/test_cart.py, line 51&#10;      def test_update_cart_item(self, client, auth_headers, db_session, test_product, test_user):&#10;E       fixture 'test_product' not found&#10;&gt;       available fixtures: _class_scoped_runner, _function_scoped_runner, _module_scoped_runner, _package_scoped_runner, _session_scoped_runner, anyio_backend, anyio_backend_name, anyio_backend_options, auth_headers, cache, capfd, capfdbinary, caplog, capsys, capsysbinary, capteesys, client, cov, db_session, doctest_namespace, event_loop_policy, free_tcp_port, free_tcp_port_factory, free_udp_port, free_udp_port_factory, monkeypatch, no_cover, pytestconfig, record_property, record_testsuite_property, record_xml_attribute, recwarn, test_user, tmp_path, tmp_path_factory, tmpdir, tmpdir_factory, unused_tcp_port, unused_tcp_port_factory, unused_udp_port, unused_udp_port_factory, user_token&#10;&gt;       use 'pytest --fixtures [testpath]' for help on them.&#10;&#10;/app/tests/test_cart.py:51&quot;">file /app/tests/test_cart.py, line 51
      def test_update_cart_item(self, client, auth_headers, db_session, test_product, test_user):
E       fixture 'test_product' not found
&gt;       available fixtures: _class_scoped_runner, _function_scoped_runner, _module_scoped_runner, _package_scoped_runner, _session_scoped_runner, anyio_backend, anyio_backend_name, anyio_backend_options, auth_headers, cache, capfd, capfdbinary, caplog, capsys, capsysbinary, capteesys, client, cov, db_session, doctest_namespace, event_loop_policy, free_tcp_port, free_tcp_port_factory, free_udp_port, free_udp_port_factory, monkeypatch, no_cover, pytestconfig, record_property, record_testsuite_property, record_xml_attribute, recwarn, test_user, tmp_path, tmp_path_factory, tmpdir, tmpdir_factory, unused_tcp_port, unused_tcp_port_factory, unused_udp_port, unused_udp_port_factory, user_token
&gt;       use 'pytest --fixtures [testpath]' for help on them.

/app/tests/test_cart.py:51</error></testcase><testcase classname="tests.test_cart.TestCart" name="test_clear_cart" time="0.163"><error message="failed on setup with &quot;file /app/tests/test_cart.py, line 72&#10;      def test_clear_cart(self, client, auth_headers, db_session, test_product, test_user):&#10;E       fixture 'test_product' not found&#10;&gt;       available fixtures: _class_scoped_runner, _function_scoped_runner, _module_scoped_runner, _package_scoped_runner, _session_scoped_runner, anyio_backend, anyio_backend_name, anyio_backend_options, auth_headers, cache, capfd, capfdbinary, caplog, capsys, capsysbinary, capteesys, client, cov, db_session, doctest_namespace, event_loop_policy, free_tcp_port, free_tcp_port_factory, free_udp_port, free_udp_port_factory, monkeypatch, no_cover, pytestconfig, record_property, record_testsuite_property, record_xml_attribute, recwarn, test_user, tmp_path, tmp_path_factory, tmpdir, tmpdir_factory, unused_tcp_port, unused_tcp_port_factory, unused_udp_port, unused_udp_port_factory, user_token&#10;&gt;       use 'pytest --fixtures [testpath]' for help on them.&#10;&#10;/app/tests/test_cart.py:72&quot;">file /app/tests/test_cart.py, line 72
      def test_clear_cart(self, client, auth_headers, db_session, test_product, test_user):
E       fixture 'test_product' not found
&gt;       available fixtures: _class_scoped_runner, _function_scoped_runner, _module_scoped_runner, _package_scoped_runner, _session_scoped_runner, anyio_backend, anyio_backend_name, anyio_backend_options, auth_headers, cache, capfd, capfdbinary, caplog, capsys, capsysbinary, capteesys, client, cov, db_session, doctest_namespace, event_loop_policy, free_tcp_port, free_tcp_port_factory, free_udp_port, free_udp_port_factory, monkeypatch, no_cover, pytestconfig, record_property, record_testsuite_property, record_xml_attribute, recwarn, test_user, tmp_path, tmp_path_factory, tmpdir, tmpdir_factory, unused_tcp_port, unused_tcp_port_factory, unused_udp_port, unused_udp_port_factory, user_token
&gt;       use 'pytest --fixtures [testpath]' for help on them.

/app/tests/test_cart.py:72</error></testcase><testcase classname="tests.test_categories.TestCategories" name="test_get_categories_empty" time="0.111"><failure message="AssertionError: assert [{'id': 1, 'n...'Спорт'}, ...] == []&#10;  &#10;  Left contains 7 more items, first extra item: {'id': 1, 'name': 'Бытовая техника'}&#10;  &#10;  Full diff:&#10;  - []&#10;  + [&#10;  +     {...&#10;  &#10;  ...Full output truncated (28 lines hidden), use '-vv' to show">self = &lt;test_categories.TestCategories object at 0x7f971d29ba90&gt;
client = &lt;starlette.testclient.TestClient object at 0x7f971c7fa990&gt;

    def test_get_categories_empty(self, client):
        """Тест получения пустого списка категорий"""
        response = client.get("/categories/")
        assert response.status_code == status.HTTP_200_OK
&gt;       assert response.json() == []
E       AssertionError: assert [{'id': 1, 'n...'Спорт'}, ...] == []
E         
E         Left contains 7 more items, first extra item: {'id': 1, 'name': 'Бытовая техника'}
E         
E         Full diff:
E         - []
E         + [
E         +     {...
E         
E         ...Full output truncated (28 lines hidden), use '-vv' to show

tests/test_categories.py:10: AssertionError</failure></testcase><testcase classname="tests.test_categories.TestCategories" name="test_create_category_as_admin" time="0.098"><error message="failed on setup with &quot;file /app/tests/test_categories.py, line 12&#10;      def test_create_category_as_admin(self, client, admin_headers):&#10;E       fixture 'admin_headers' not found&#10;&gt;       available fixtures: _class_scoped_runner, _function_scoped_runner, _module_scoped_runner, _package_scoped_runner, _session_scoped_runner, anyio_backend, anyio_backend_name, anyio_backend_options, auth_headers, cache, capfd, capfdbinary, caplog, capsys, capsysbinary, capteesys, client, cov, db_session, doctest_namespace, event_loop_policy, free_tcp_port, free_tcp_port_factory, free_udp_port, free_udp_port_factory, monkeypatch, no_cover, pytestconfig, record_property, record_testsuite_property, record_xml_attribute, recwarn, test_user, tmp_path, tmp_path_factory, tmpdir, tmpdir_factory, unused_tcp_port, unused_tcp_port_factory, unused_udp_port, unused_udp_port_factory, user_token&#10;&gt;       use 'pytest --fixtures [testpath]' for help on them.&#10;&#10;/app/tests/test_categories.py:12&quot;">file /app/tests/test_categories.py, line 12
      def test_create_category_as_admin(self, client, admin_headers):
E       fixture 'admin_headers' not found
&gt;       available fixtures: _class_scoped_runner, _function_scoped_runner, _module_scoped_runner, _package_scoped_runner, _session_scoped_runner, anyio_backend, anyio_backend_name, anyio_backend_options, auth_headers, cache, capfd, capfdbinary, caplog, capsys, capsysbinary, capteesys, client, cov, db_session, doctest_namespace, event_loop_policy, free_tcp_port, free_tcp_port_factory, free_udp_port, free_udp_port_factory, monkeypatch, no_cover, pytestconfig, record_property, record_testsuite_property, record_xml_attribute, recwarn, test_user, tmp_path, tmp_path_factory, tmpdir, tmpdir_factory, unused_tcp_port, unused_tcp_port_factory, unused_udp_port, unused_udp_port_factory, user_token
&gt;       use 'pytest --fixtures [testpath]' for help on them.

/app/tests/test_categories.py:12</error></testcase><testcase classname="tests.test_categories.TestCategories" name="test_create_duplicate_category" time="0.102"><error message="failed on setup with &quot;file /app/tests/test_categories.py, line 24&#10;      def test_create_duplicate_category(self, client, admin_headers, test_category):&#10;E       fixture 'admin_headers' not found&#10;&gt;       available fixtures: _class_scoped_runner, _function_scoped_runner, _module_scoped_runner, _package_scoped_runner, _session_scoped_runner, anyio_backend, anyio_backend_name, anyio_backend_options, auth_headers, cache, capfd, capfdbinary, caplog, capsys, capsysbinary, capteesys, client, cov, db_session, doctest_namespace, event_loop_policy, free_tcp_port, free_tcp_port_factory, free_udp_port, free_udp_port_factory, monkeypatch, no_cover, pytestconfig, record_property, record_testsuite_property, record_xml_attribute, recwarn, test_user, tmp_path, tmp_path_factory, tmpdir, tmpdir_factory, unused_tcp_port, unused_tcp_port_factory, unused_udp_port, unused_udp_port_factory, user_token&#10;&gt;       use 'pytest --fixtures [testpath]' for help on them.&#10;&#10;/app/tests/test_categories.py:24&quot;">file /app/tests/test_categories.py, line 24
      def test_create_duplicate_category(self, client, admin_headers, test_category):
E       fixture 'admin_headers' not found
&gt;       available fixtures: _class_scoped_runner, _function_scoped_runner, _module_scoped_runner, _package_scoped_runner, _session_scoped_runner, anyio_backend, anyio_backend_name, anyio_backend_options, auth_headers, cache, capfd, capfdbinary, caplog, capsys, capsysbinary, capteesys, client, cov, db_session, doctest_namespace, event_loop_policy, free_tcp_port, free_tcp_port_factory, free_udp_port, free_udp_port_factory, monkeypatch, no_cover, pytestconfig, record_property, record_testsuite_property, record_xml_attribute, recwarn, test_user, tmp_path, tmp_path_factory, tmpdir, tmpdir_factory, unused_tcp_port, unused_tcp_port_factory, unused_udp_port, unused_udp_port_factory, user_token
&gt;       use 'pytest --fixtures [testpath]' for help on them.

/app/tests/test_categories.py:24</error></testcase><testcase classname="tests.test_categories.TestCategories" name="test_get_category_by_id" time="0.097"><error message="failed on setup with &quot;file /app/tests/test_categories.py, line 33&#10;      def test_get_category_by_id(self, client, test_category):&#10;E       fixture 'test_category' not found&#10;&gt;       available fixtures: _class_scoped_runner, _function_scoped_runner, _module_scoped_runner, _package_scoped_runner, _session_scoped_runner, anyio_backend, anyio_backend_name, anyio_backend_options, auth_headers, cache, capfd, capfdbinary, caplog, capsys, capsysbinary, capteesys, client, cov, db_session, doctest_namespace, event_loop_policy, free_tcp_port, free_tcp_port_factory, free_udp_port, free_udp_port_factory, monkeypatch, no_cover, pytestconfig, record_property, record_testsuite_property, record_xml_attribute, recwarn, test_user, tmp_path, tmp_path_factory, tmpdir, tmpdir_factory, unused_tcp_port, unused_tcp_port_factory, unused_udp_port, unused_udp_port_factory, user_token&#10;&gt;       use 'pytest --fixtures [testpath]' for help on them.&#10;&#10;/app/tests/test_categories.py:33&quot;">file /app/tests/test_categories.py, line 33
      def test_get_category_by_id(self, client, test_category):
E       fixture 'test_category' not found
&gt;       available fixtures: _class_scoped_runner, _function_scoped_runner, _module_scoped_runner, _package_scoped_runner, _session_scoped_runner, anyio_backend, anyio_backend_name, anyio_backend_options, auth_headers, cache, capfd, capfdbinary, caplog, capsys, capsysbinary, capteesys, client, cov, db_session, doctest_namespace, event_loop_policy, free_tcp_port, free_tcp_port_factory, free_udp_port, free_udp_port_factory, monkeypatch, no_cover, pytestconfig, record_property, record_testsuite_property, record_xml_attribute, recwarn, test_user, tmp_path, tmp_path_factory, tmpdir, tmpdir_factory, unused_tcp_port, unused_tcp_port_factory, unused_udp_port, unused_udp_port_factory, user_token
&gt;       use 'pytest --fixtures [testpath]' for help on them.

/app/tests/test_categories.py:33</error></testcase><testcase classname="tests.test_categories.TestCategories" name="test_delete_category_as_admin" time="0.098"><error message="failed on setup with &quot;file /app/tests/test_categories.py, line 40&#10;      def test_delete_category_as_admin(self, client, admin_headers, test_category):&#10;E       fixture 'admin_headers' not found&#10;&gt;       available fixtures: _class_scoped_runner, _function_scoped_runner, _module_scoped_runner, _package_scoped_runner, _session_scoped_runner, anyio_backend, anyio_backend_name, anyio_backend_options, auth_headers, cache, capfd, capfdbinary, caplog, capsys, capsysbinary, capteesys, client, cov, db_session, doctest_namespace, event_loop_policy, free_tcp_port, free_tcp_port_factory, free_udp_port, free_udp_port_factory, monkeypatch, no_cover, pytestconfig, record_property, record_testsuite_property, record_xml_attribute, recwarn, test_user, tmp_path, tmp_path_factory, tmpdir, tmpdir_factory, unused_tcp_port, unused_tcp_port_factory, unused_udp_port, unused_udp_port_factory, user_token&#10;&gt;       use 'pytest --fixtures [testpath]' for help on them.&#10;&#10;/app/tests/test_categories.py:40&quot;">file /app/tests/test_categories.py, line 40
      def test_delete_category_as_admin(self, client, admin_headers, test_category):
E       fixture 'admin_headers' not found
&gt;       available fixtures: _class_scoped_runner, _function_scoped_runner, _module_scoped_runner, _package_scoped_runner, _session_scoped_runner, anyio_backend, anyio_backend_name, anyio_backend_options, auth_headers, cache, capfd, capfdbinary, caplog, capsys, capsysbinary, capteesys, client, cov, db_session, doctest_namespace, event_loop_policy, free_tcp_port, free_tcp_port_factory, free_udp_port, free_udp_port_factory, monkeypatch, no_cover, pytestconfig, record_property, record_testsuite_property, record_xml_attribute, recwarn, test_user, tmp_path, tmp_path_factory, tmpdir, tmpdir_factory, unused_tcp_port, unused_tcp_port_factory, unused_udp_port, unused_udp_port_factory, user_token
&gt;       use 'pytest --fixtures [testpath]' for help on them.

/app/tests/test_categories.py:40</error></testcase><testcase classname="tests.test_debug_auth" name="test_debug_login" time="0.287"><failure message="NameError: name 'pytest' is not defined">client = &lt;starlette.testclient.TestClient object at 0x7f971d254e50&gt;
db_session = &lt;sqlalchemy.orm.session.Session object at 0x7f971d22b9d0&gt;

    def test_debug_login(client, db_session):
        """Тест для отладки логина"""
        from app.models.models import User
        from app.services.auth import AuthService
    
        # Создаем пользователя напрямую в БД
        user = User(
            email="debug@example.com",
            username="debuguser",
            first_name="Debug",
            last_name="User",
            hashed_password=AuthService.get_password_hash("debug123"),
            is_active=True
        )
        db_session.add(user)
        db_session.commit()
        db_session.refresh(user)
    
        print(f"=== DEBUG LOGIN TEST ===")
        print(f"Created user: {user.username}, id: {user.id}, active: {user.is_active}")
        print(f"Password hash: {user.hashed_password}")
    
        # Проверяем пароль напрямую через сервис
        password_valid = AuthService.verify_password("debug123", user.hashed_password)
        print(f"Direct password verification: {password_valid}")
    
        # Проверяем аутентификацию через сервис напрямую
        from app.services.auth import UserService
        auth_user = UserService.authenticate_user(db_session, "debuguser", "debug123")
        print(f"Service authentication result: {auth_user is not None}")
        if auth_user:
            print(f"Authenticated user: {auth_user.username}, id: {auth_user.id}")
    
        # Пробуем залогиниться через API
        print(f"\n--- API Login Attempt ---")
        response = client.post(
            "/auth/login",
            json={
                "username": "debuguser",
                "password": "debug123"
            }
        )
    
        print(f"Login status: {response.status_code}")
        print(f"Login response body: {response.text}")
    
        if response.status_code != 200:
            # Пробуем с неправильным паролем для сравнения
            print(f"\n--- Wrong Password Test ---")
            wrong_response = client.post(
                "/auth/login",
                json={
                    "username": "debuguser",
                    "password": "wrongpassword"
                }
            )
            print(f"Wrong password status: {wrong_response.status_code}")
            print(f"Wrong password response: {wrong_response.text}")
    
        # Пока пропускаем assertion чтобы увидеть всю отладочную информацию
        if response.status_code == 200:
            data = response.json()
            assert "access_token" in data
            assert "refresh_token" in data
        else:
            # Временно пропускаем тест чтобы увидеть проблему
&gt;           pytest.skip(f"Login failed with status {response.status_code}: {response.text}")
            ^^^^^^
E           NameError: name 'pytest' is not defined

tests/test_debug_auth.py:67: NameError</failure></testcase><testcase classname="tests.test_debug_auth" name="test_debug_register" time="0.113"><failure message="NameError: name 'pytest' is not defined">client = &lt;starlette.testclient.TestClient object at 0x7f971c501b50&gt;
db_session = &lt;sqlalchemy.orm.session.Session object at 0x7f971d213e90&gt;

    def test_debug_register(client, db_session):
        """Тест регистрации с простым паролем"""
        print(f"\n=== DEBUG REGISTER TEST ===")
    
        # Сначала проверяем нет ли уже такого пользователя
        from app.services.auth import UserService
        existing_user = UserService.get_user_by_username(db_session, "newuser")
        existing_email = UserService.get_user_by_email(db_session, "newuser@example.com")
        print(f"Existing user check - username: {existing_user is not None}, email: {existing_email is not None}")
    
        response = client.post(
            "/auth/register",
            json={
                "email": "newuser@example.com",
                "username": "newuser",
                "first_name": "New",
                "last_name": "User",
                "password": "new123"  # Простой пароль
            }
        )
    
        print(f"Register status: {response.status_code}")
        print(f"Register response: {response.text}")
    
        if response.status_code != 200:
            # Пробуем другой email/username
            print(f"\n--- Second Register Attempt ---")
            response2 = client.post(
                "/auth/register",
                json={
                    "email": "newuser2@example.com",
                    "username": "newuser2",
                    "first_name": "New2",
                    "last_name": "User2",
                    "password": "new123"
                }
            )
            print(f"Second register status: {response2.status_code}")
            print(f"Second register response: {response2.text}")
    
            # Проверяем что пользователь создался в БД
            from app.models.models import User
            users = db_session.query(User).filter(User.username.in_(["newuser", "newuser2"])).all()
            print(f"Users in DB after register attempts: {[u.username for u in users]}")
    
        # Пока пропускаем assertion
        if response.status_code != 200:
&gt;           pytest.skip(f"Register failed with status {response.status_code}: {response.text}")
            ^^^^^^
E           NameError: name 'pytest' is not defined

tests/test_debug_auth.py:117: NameError</failure></testcase><testcase classname="tests.test_debug_auth" name="test_direct_auth_service" time="0.100"><failure message="pydantic_core._pydantic_core.ValidationError: 1 validation error for UserCreate&#10;password&#10;  Value error, Password must be at least 12 characters long [type=value_error, input_value='service123', input_type=str]&#10;    For further information visit https://errors.pydantic.dev/2.10/v/value_error">db_session = &lt;sqlalchemy.orm.session.Session object at 0x7f971c841890&gt;

    def test_direct_auth_service(db_session):
        """Тест сервиса аутентификации напрямую (без HTTP)"""
        from app.services.auth import UserService, AuthService
        from app.schemas.auth import UserCreate
    
        print(f"\n=== DIRECT AUTH SERVICE TEST ===")
    
        # Создаем пользователя через сервис
&gt;       user_data = UserCreate(
            email="service@example.com",
            username="serviceuser",
            first_name="Service",
            last_name="User",
            password="service123"
        )
E       pydantic_core._pydantic_core.ValidationError: 1 validation error for UserCreate
E       password
E         Value error, Password must be at least 12 characters long [type=value_error, input_value='service123', input_type=str]
E           For further information visit https://errors.pydantic.dev/2.10/v/value_error

tests/test_debug_auth.py:128: ValidationError</failure></testcase><testcase classname="tests.test_debug_auth" name="test_password_hashing" time="0.166" /><testcase classname="tests.test_edge_cases.TestEdgeCases" name="test_large_pagination" time="0.099"><error message="failed on setup with &quot;file /app/tests/test_edge_cases.py, line 6&#10;      def test_large_pagination(self, client, db_session, test_category):&#10;E       fixture 'test_category' not found&#10;&gt;       available fixtures: _class_scoped_runner, _function_scoped_runner, _module_scoped_runner, _package_scoped_runner, _session_scoped_runner, anyio_backend, anyio_backend_name, anyio_backend_options, auth_headers, cache, capfd, capfdbinary, caplog, capsys, capsysbinary, capteesys, client, cov, db_session, doctest_namespace, event_loop_policy, free_tcp_port, free_tcp_port_factory, free_udp_port, free_udp_port_factory, monkeypatch, no_cover, pytestconfig, record_property, record_testsuite_property, record_xml_attribute, recwarn, test_user, tmp_path, tmp_path_factory, tmpdir, tmpdir_factory, unused_tcp_port, unused_tcp_port_factory, unused_udp_port, unused_udp_port_factory, user_token&#10;&gt;       use 'pytest --fixtures [testpath]' for help on them.&#10;&#10;/app/tests/test_edge_cases.py:6&quot;">file /app/tests/test_edge_cases.py, line 6
      def test_large_pagination(self, client, db_session, test_category):
E       fixture 'test_category' not found
&gt;       available fixtures: _class_scoped_runner, _function_scoped_runner, _module_scoped_runner, _package_scoped_runner, _session_scoped_runner, anyio_backend, anyio_backend_name, anyio_backend_options, auth_headers, cache, capfd, capfdbinary, caplog, capsys, capsysbinary, capteesys, client, cov, db_session, doctest_namespace, event_loop_policy, free_tcp_port, free_tcp_port_factory, free_udp_port, free_udp_port_factory, monkeypatch, no_cover, pytestconfig, record_property, record_testsuite_property, record_xml_attribute, recwarn, test_user, tmp_path, tmp_path_factory, tmpdir, tmpdir_factory, unused_tcp_port, unused_tcp_port_factory, unused_udp_port, unused_udp_port_factory, user_token
&gt;       use 'pytest --fixtures [testpath]' for help on them.

/app/tests/test_edge_cases.py:6</error></testcase><testcase classname="tests.test_edge_cases.TestEdgeCases" name="test_negative_pagination" time="0.110"><failure message="sqlalchemy.exc.DataError: (psycopg2.errors.InvalidRowCountInResultOffsetClause) OFFSET must not be negative&#10;&#10;[SQL: SELECT products.id AS products_id, products.name AS products_name, products.category_id AS products_category_id, products.price AS products_price, products.rating AS products_rating &#10;FROM products &#10; LIMIT %(param_1)s OFFSET %(param_2)s]&#10;[parameters: {'param_1': -1, 'param_2': -1}]&#10;(Background on this error at: https://sqlalche.me/e/20/9h9h)">self = &lt;sqlalchemy.engine.base.Connection object at 0x7f971c5991d0&gt;
dialect = &lt;sqlalchemy.dialects.postgresql.psycopg2.PGDialect_psycopg2 object at 0x7f97204578d0&gt;
context = &lt;sqlalchemy.dialects.postgresql.psycopg2.PGExecutionContext_psycopg2 object at 0x7f971c59a710&gt;
statement = &lt;sqlalchemy.dialects.postgresql.base.PGCompiler object at 0x7f971c5981d0&gt;
parameters = [{'param_1': -1, 'param_2': -1}]

    def _exec_single_context(
        self,
        dialect: Dialect,
        context: ExecutionContext,
        statement: Union[str, Compiled],
        parameters: Optional[_AnyMultiExecuteParams],
    ) -&gt; CursorResult[Any]:
        """continue the _execute_context() method for a single DBAPI
        cursor.execute() or cursor.executemany() call.
    
        """
        if dialect.bind_typing is BindTyping.SETINPUTSIZES:
            generic_setinputsizes = context._prepare_set_input_sizes()
    
            if generic_setinputsizes:
                try:
                    dialect.do_set_input_sizes(
                        context.cursor, generic_setinputsizes, context
                    )
                except BaseException as e:
                    self._handle_dbapi_exception(
                        e, str(statement), parameters, None, context
                    )
    
        cursor, str_statement, parameters = (
            context.cursor,
            context.statement,
            context.parameters,
        )
    
        effective_parameters: Optional[_AnyExecuteParams]
    
        if not context.executemany:
            effective_parameters = parameters[0]
        else:
            effective_parameters = parameters
    
        if self._has_events or self.engine._has_events:
            for fn in self.dispatch.before_cursor_execute:
                str_statement, effective_parameters = fn(
                    self,
                    cursor,
                    str_statement,
                    effective_parameters,
                    context,
                    context.executemany,
                )
    
        if self._echo:
            self._log_info(str_statement)
    
            stats = context._get_cache_stats()
    
            if not self.engine.hide_parameters:
                self._log_info(
                    "[%s] %r",
                    stats,
                    sql_util._repr_params(
                        effective_parameters,
                        batches=10,
                        ismulti=context.executemany,
                    ),
                )
            else:
                self._log_info(
                    "[%s] [SQL parameters hidden due to hide_parameters=True]",
                    stats,
                )
    
        evt_handled: bool = False
        try:
            if context.execute_style is ExecuteStyle.EXECUTEMANY:
                effective_parameters = cast(
                    "_CoreMultiExecuteParams", effective_parameters
                )
                if self.dialect._has_events:
                    for fn in self.dialect.dispatch.do_executemany:
                        if fn(
                            cursor,
                            str_statement,
                            effective_parameters,
                            context,
                        ):
                            evt_handled = True
                            break
                if not evt_handled:
                    self.dialect.do_executemany(
                        cursor,
                        str_statement,
                        effective_parameters,
                        context,
                    )
            elif not effective_parameters and context.no_parameters:
                if self.dialect._has_events:
                    for fn in self.dialect.dispatch.do_execute_no_params:
                        if fn(cursor, str_statement, context):
                            evt_handled = True
                            break
                if not evt_handled:
                    self.dialect.do_execute_no_params(
                        cursor, str_statement, context
                    )
            else:
                effective_parameters = cast(
                    "_CoreSingleExecuteParams", effective_parameters
                )
                if self.dialect._has_events:
                    for fn in self.dialect.dispatch.do_execute:
                        if fn(
                            cursor,
                            str_statement,
                            effective_parameters,
                            context,
                        ):
                            evt_handled = True
                            break
                if not evt_handled:
&gt;                   self.dialect.do_execute(
                        cursor, str_statement, effective_parameters, context
                    )

/usr/local/lib/python3.11/site-packages/sqlalchemy/engine/base.py:1964: 
_ _ _ _ _ _ _ _ _ _ _ _ _ _ _ _ _ _ _ _ _ _ _ _ _ _ _ _ _ _ _ _ _ _ _ _ _ _ _ _ 

self = &lt;sqlalchemy.dialects.postgresql.psycopg2.PGDialect_psycopg2 object at 0x7f97204578d0&gt;
cursor = &lt;cursor object at 0x7f971c4b26b0; closed: -1&gt;
statement = 'SELECT products.id AS products_id, products.name AS products_name, products.category_id AS products_category_id, products.price AS products_price, products.rating AS products_rating \nFROM products \n LIMIT %(param_1)s OFFSET %(param_2)s'
parameters = {'param_1': -1, 'param_2': -1}
context = &lt;sqlalchemy.dialects.postgresql.psycopg2.PGExecutionContext_psycopg2 object at 0x7f971c59a710&gt;

    def do_execute(self, cursor, statement, parameters, context=None):
&gt;       cursor.execute(statement, parameters)
E       psycopg2.errors.InvalidRowCountInResultOffsetClause: OFFSET must not be negative

/usr/local/lib/python3.11/site-packages/sqlalchemy/engine/default.py:942: InvalidRowCountInResultOffsetClause

The above exception was the direct cause of the following exception:

self = &lt;test_edge_cases.TestEdgeCases object at 0x7f971d275190&gt;
client = &lt;starlette.testclient.TestClient object at 0x7f971d212cd0&gt;

    def test_negative_pagination(self, client):
        """Тест пагинации с отрицательными значениями"""
&gt;       response = client.get("/products/?skip=-1&amp;limit=-1")
                   ^^^^^^^^^^^^^^^^^^^^^^^^^^^^^^^^^^^^^^^^^

tests/test_edge_cases.py:14: 
_ _ _ _ _ _ _ _ _ _ _ _ _ _ _ _ _ _ _ _ _ _ _ _ _ _ _ _ _ _ _ _ _ _ _ _ _ _ _ _ 
/usr/local/lib/python3.11/site-packages/starlette/testclient.py:465: in get
    return super().get(
/usr/local/lib/python3.11/site-packages/httpx/_client.py:1053: in get
    return self.request(
/usr/local/lib/python3.11/site-packages/starlette/testclient.py:437: in request
    return super().request(
/usr/local/lib/python3.11/site-packages/httpx/_client.py:825: in request
    return self.send(request, auth=auth, follow_redirects=follow_redirects)
           ^^^^^^^^^^^^^^^^^^^^^^^^^^^^^^^^^^^^^^^^^^^^^^^^^^^^^^^^^^^^^^^^
/usr/local/lib/python3.11/site-packages/httpx/_client.py:914: in send
    response = self._send_handling_auth(
/usr/local/lib/python3.11/site-packages/httpx/_client.py:942: in _send_handling_auth
    response = self._send_handling_redirects(
/usr/local/lib/python3.11/site-packages/httpx/_client.py:979: in _send_handling_redirects
    response = self._send_single_request(request)
               ^^^^^^^^^^^^^^^^^^^^^^^^^^^^^^^^^^
/usr/local/lib/python3.11/site-packages/httpx/_client.py:1014: in _send_single_request
    response = transport.handle_request(request)
               ^^^^^^^^^^^^^^^^^^^^^^^^^^^^^^^^^
/usr/local/lib/python3.11/site-packages/starlette/testclient.py:340: in handle_request
    raise exc
/usr/local/lib/python3.11/site-packages/starlette/testclient.py:337: in handle_request
    portal.call(self.app, scope, receive, send)
/usr/local/lib/python3.11/site-packages/anyio/from_thread.py:321: in call
    return cast(T_Retval, self.start_task_soon(func, *args).result())
                          ^^^^^^^^^^^^^^^^^^^^^^^^^^^^^^^^^^^^^^^^^^
/usr/local/lib/python3.11/concurrent/futures/_base.py:456: in result
    return self.__get_result()
           ^^^^^^^^^^^^^^^^^^^
/usr/local/lib/python3.11/concurrent/futures/_base.py:401: in __get_result
    raise self._exception
/usr/local/lib/python3.11/site-packages/anyio/from_thread.py:252: in _call_func
    retval = await retval_or_awaitable
             ^^^^^^^^^^^^^^^^^^^^^^^^^
/usr/local/lib/python3.11/site-packages/fastapi/applications.py:1054: in __call__
    await super().__call__(scope, receive, send)
/usr/local/lib/python3.11/site-packages/starlette/applications.py:112: in __call__
    await self.middleware_stack(scope, receive, send)
/usr/local/lib/python3.11/site-packages/starlette/middleware/errors.py:187: in __call__
    raise exc
/usr/local/lib/python3.11/site-packages/starlette/middleware/errors.py:165: in __call__
    await self.app(scope, receive, _send)
/usr/local/lib/python3.11/site-packages/starlette/middleware/exceptions.py:62: in __call__
    await wrap_app_handling_exceptions(self.app, conn)(scope, receive, send)
/usr/local/lib/python3.11/site-packages/starlette/_exception_handler.py:53: in wrapped_app
    raise exc
/usr/local/lib/python3.11/site-packages/starlette/_exception_handler.py:42: in wrapped_app
    await app(scope, receive, sender)
/usr/local/lib/python3.11/site-packages/starlette/routing.py:714: in __call__
    await self.middleware_stack(scope, receive, send)
/usr/local/lib/python3.11/site-packages/starlette/routing.py:734: in app
    await route.handle(scope, receive, send)
/usr/local/lib/python3.11/site-packages/starlette/routing.py:288: in handle
    await self.app(scope, receive, send)
/usr/local/lib/python3.11/site-packages/starlette/routing.py:76: in app
    await wrap_app_handling_exceptions(app, request)(scope, receive, send)
/usr/local/lib/python3.11/site-packages/starlette/_exception_handler.py:53: in wrapped_app
    raise exc
/usr/local/lib/python3.11/site-packages/starlette/_exception_handler.py:42: in wrapped_app
    await app(scope, receive, sender)
/usr/local/lib/python3.11/site-packages/starlette/routing.py:73: in app
    response = await f(request)
               ^^^^^^^^^^^^^^^^
/usr/local/lib/python3.11/site-packages/fastapi/routing.py:301: in app
    raw_response = await run_endpoint_function(
/usr/local/lib/python3.11/site-packages/fastapi/routing.py:214: in run_endpoint_function
    return await run_in_threadpool(dependant.call, **values)
           ^^^^^^^^^^^^^^^^^^^^^^^^^^^^^^^^^^^^^^^^^^^^^^^^^
/usr/local/lib/python3.11/site-packages/starlette/concurrency.py:37: in run_in_threadpool
    return await anyio.to_thread.run_sync(func)
           ^^^^^^^^^^^^^^^^^^^^^^^^^^^^^^^^^^^^
/usr/local/lib/python3.11/site-packages/anyio/to_thread.py:56: in run_sync
    return await get_async_backend().run_sync_in_worker_thread(
/usr/local/lib/python3.11/site-packages/anyio/_backends/_asyncio.py:2485: in run_sync_in_worker_thread
    return await future
           ^^^^^^^^^^^^
/usr/local/lib/python3.11/site-packages/anyio/_backends/_asyncio.py:976: in run
    result = context.run(func, *args)
             ^^^^^^^^^^^^^^^^^^^^^^^^
app/api/routes/products.py:29: in read_products
    products = ProductService.get_products(
app/services/items.py:32: in get_products
    return query.offset(skip).limit(limit).all()
           ^^^^^^^^^^^^^^^^^^^^^^^^^^^^^^^^^^^^^
/usr/local/lib/python3.11/site-packages/sqlalchemy/orm/query.py:2704: in all
    return self._iter().all()  # type: ignore
           ^^^^^^^^^^^^
/usr/local/lib/python3.11/site-packages/sqlalchemy/orm/query.py:2858: in _iter
    result: Union[ScalarResult[_T], Result[_T]] = self.session.execute(
/usr/local/lib/python3.11/site-packages/sqlalchemy/orm/session.py:2365: in execute
    return self._execute_internal(
/usr/local/lib/python3.11/site-packages/sqlalchemy/orm/session.py:2251: in _execute_internal
    result: Result[Any] = compile_state_cls.orm_execute_statement(
/usr/local/lib/python3.11/site-packages/sqlalchemy/orm/context.py:306: in orm_execute_statement
    result = conn.execute(
/usr/local/lib/python3.11/site-packages/sqlalchemy/engine/base.py:1416: in execute
    return meth(
/usr/local/lib/python3.11/site-packages/sqlalchemy/sql/elements.py:523: in _execute_on_connection
    return connection._execute_clauseelement(
/usr/local/lib/python3.11/site-packages/sqlalchemy/engine/base.py:1638: in _execute_clauseelement
    ret = self._execute_context(
/usr/local/lib/python3.11/site-packages/sqlalchemy/engine/base.py:1843: in _execute_context
    return self._exec_single_context(
/usr/local/lib/python3.11/site-packages/sqlalchemy/engine/base.py:1983: in _exec_single_context
    self._handle_dbapi_exception(
/usr/local/lib/python3.11/site-packages/sqlalchemy/engine/base.py:2352: in _handle_dbapi_exception
    raise sqlalchemy_exception.with_traceback(exc_info[2]) from e
/usr/local/lib/python3.11/site-packages/sqlalchemy/engine/base.py:1964: in _exec_single_context
    self.dialect.do_execute(
_ _ _ _ _ _ _ _ _ _ _ _ _ _ _ _ _ _ _ _ _ _ _ _ _ _ _ _ _ _ _ _ _ _ _ _ _ _ _ _ 

self = &lt;sqlalchemy.dialects.postgresql.psycopg2.PGDialect_psycopg2 object at 0x7f97204578d0&gt;
cursor = &lt;cursor object at 0x7f971c4b26b0; closed: -1&gt;
statement = 'SELECT products.id AS products_id, products.name AS products_name, products.category_id AS products_category_id, products.price AS products_price, products.rating AS products_rating \nFROM products \n LIMIT %(param_1)s OFFSET %(param_2)s'
parameters = {'param_1': -1, 'param_2': -1}
context = &lt;sqlalchemy.dialects.postgresql.psycopg2.PGExecutionContext_psycopg2 object at 0x7f971c59a710&gt;

    def do_execute(self, cursor, statement, parameters, context=None):
&gt;       cursor.execute(statement, parameters)
E       sqlalchemy.exc.DataError: (psycopg2.errors.InvalidRowCountInResultOffsetClause) OFFSET must not be negative
E       
E       [SQL: SELECT products.id AS products_id, products.name AS products_name, products.category_id AS products_category_id, products.price AS products_price, products.rating AS products_rating 
E       FROM products 
E        LIMIT %(param_1)s OFFSET %(param_2)s]
E       [parameters: {'param_1': -1, 'param_2': -1}]
E       (Background on this error at: https://sqlalche.me/e/20/9h9h)

/usr/local/lib/python3.11/site-packages/sqlalchemy/engine/default.py:942: DataError</failure></testcase><testcase classname="tests.test_edge_cases.TestEdgeCases" name="test_special_characters_in_search" time="0.108" /><testcase classname="tests.test_edge_cases.TestEdgeCases" name="test_very_long_password" time="0.114" /><testcase classname="tests.test_edge_cases.TestEdgeCases" name="test_promotion_boundary_dates" time="0.096"><error message="failed on setup with &quot;file /app/tests/test_edge_cases.py, line 38&#10;      def test_promotion_boundary_dates(self, client, admin_headers):&#10;E       fixture 'admin_headers' not found&#10;&gt;       available fixtures: _class_scoped_runner, _function_scoped_runner, _module_scoped_runner, _package_scoped_runner, _session_scoped_runner, anyio_backend, anyio_backend_name, anyio_backend_options, auth_headers, cache, capfd, capfdbinary, caplog, capsys, capsysbinary, capteesys, client, cov, db_session, doctest_namespace, event_loop_policy, free_tcp_port, free_tcp_port_factory, free_udp_port, free_udp_port_factory, monkeypatch, no_cover, pytestconfig, record_property, record_testsuite_property, record_xml_attribute, recwarn, test_user, tmp_path, tmp_path_factory, tmpdir, tmpdir_factory, unused_tcp_port, unused_tcp_port_factory, unused_udp_port, unused_udp_port_factory, user_token&#10;&gt;       use 'pytest --fixtures [testpath]' for help on them.&#10;&#10;/app/tests/test_edge_cases.py:38&quot;">file /app/tests/test_edge_cases.py, line 38
      def test_promotion_boundary_dates(self, client, admin_headers):
E       fixture 'admin_headers' not found
&gt;       available fixtures: _class_scoped_runner, _function_scoped_runner, _module_scoped_runner, _package_scoped_runner, _session_scoped_runner, anyio_backend, anyio_backend_name, anyio_backend_options, auth_headers, cache, capfd, capfdbinary, caplog, capsys, capsysbinary, capteesys, client, cov, db_session, doctest_namespace, event_loop_policy, free_tcp_port, free_tcp_port_factory, free_udp_port, free_udp_port_factory, monkeypatch, no_cover, pytestconfig, record_property, record_testsuite_property, record_xml_attribute, recwarn, test_user, tmp_path, tmp_path_factory, tmpdir, tmpdir_factory, unused_tcp_port, unused_tcp_port_factory, unused_udp_port, unused_udp_port_factory, user_token
&gt;       use 'pytest --fixtures [testpath]' for help on them.

/app/tests/test_edge_cases.py:38</error></testcase><testcase classname="tests.test_edge_cases.TestEdgeCases" name="test_very_high_discount" time="0.097"><error message="failed on setup with &quot;file /app/tests/test_edge_cases.py, line 57&#10;      def test_very_high_discount(self, client, admin_headers):&#10;E       fixture 'admin_headers' not found&#10;&gt;       available fixtures: _class_scoped_runner, _function_scoped_runner, _module_scoped_runner, _package_scoped_runner, _session_scoped_runner, anyio_backend, anyio_backend_name, anyio_backend_options, auth_headers, cache, capfd, capfdbinary, caplog, capsys, capsysbinary, capteesys, client, cov, db_session, doctest_namespace, event_loop_policy, free_tcp_port, free_tcp_port_factory, free_udp_port, free_udp_port_factory, monkeypatch, no_cover, pytestconfig, record_property, record_testsuite_property, record_xml_attribute, recwarn, test_user, tmp_path, tmp_path_factory, tmpdir, tmpdir_factory, unused_tcp_port, unused_tcp_port_factory, unused_udp_port, unused_udp_port_factory, user_token&#10;&gt;       use 'pytest --fixtures [testpath]' for help on them.&#10;&#10;/app/tests/test_edge_cases.py:57&quot;">file /app/tests/test_edge_cases.py, line 57
      def test_very_high_discount(self, client, admin_headers):
E       fixture 'admin_headers' not found
&gt;       available fixtures: _class_scoped_runner, _function_scoped_runner, _module_scoped_runner, _package_scoped_runner, _session_scoped_runner, anyio_backend, anyio_backend_name, anyio_backend_options, auth_headers, cache, capfd, capfdbinary, caplog, capsys, capsysbinary, capteesys, client, cov, db_session, doctest_namespace, event_loop_policy, free_tcp_port, free_tcp_port_factory, free_udp_port, free_udp_port_factory, monkeypatch, no_cover, pytestconfig, record_property, record_testsuite_property, record_xml_attribute, recwarn, test_user, tmp_path, tmp_path_factory, tmpdir, tmpdir_factory, unused_tcp_port, unused_tcp_port_factory, unused_udp_port, unused_udp_port_factory, user_token
&gt;       use 'pytest --fixtures [testpath]' for help on them.

/app/tests/test_edge_cases.py:57</error></testcase><testcase classname="tests.test_products.TestProducts" name="test_get_products_empty" time="0.124"><failure message="AssertionError: assert [{'category_i...w', ...}, ...] == []&#10;  &#10;  Left contains 35 more items, first extra item: {'category_id': 1, 'category_name': 'Бытовая техника', 'id': 1, 'name': 'Холодильник двухкамерный NoFrost', ...}&#10;  &#10;  Full diff:&#10;  - []&#10;  + [&#10;  +     {...&#10;  &#10;  ...Full output truncated (280 lines hidden), use '-vv' to show">self = &lt;test_products.TestProducts object at 0x7f971d0eba90&gt;
client = &lt;starlette.testclient.TestClient object at 0x7f971616f0d0&gt;

    def test_get_products_empty(self, client):
        """Тест получения пустого списка товаров"""
        response = client.get("/products/")
        assert response.status_code == status.HTTP_200_OK
&gt;       assert response.json() == []
E       AssertionError: assert [{'category_i...w', ...}, ...] == []
E         
E         Left contains 35 more items, first extra item: {'category_id': 1, 'category_name': 'Бытовая техника', 'id': 1, 'name': 'Холодильник двухкамерный NoFrost', ...}
E         
E         Full diff:
E         - []
E         + [
E         +     {...
E         
E         ...Full output truncated (280 lines hidden), use '-vv' to show

tests/test_products.py:10: AssertionError</failure></testcase><testcase classname="tests.test_products.TestProducts" name="test_create_product_as_admin" time="0.102"><error message="failed on setup with &quot;file /app/tests/test_products.py, line 12&#10;      def test_create_product_as_admin(self, client, admin_headers, test_category):&#10;E       fixture 'admin_headers' not found&#10;&gt;       available fixtures: _class_scoped_runner, _function_scoped_runner, _module_scoped_runner, _package_scoped_runner, _session_scoped_runner, anyio_backend, anyio_backend_name, anyio_backend_options, auth_headers, cache, capfd, capfdbinary, caplog, capsys, capsysbinary, capteesys, client, cov, db_session, doctest_namespace, event_loop_policy, free_tcp_port, free_tcp_port_factory, free_udp_port, free_udp_port_factory, monkeypatch, no_cover, pytestconfig, record_property, record_testsuite_property, record_xml_attribute, recwarn, test_user, tmp_path, tmp_path_factory, tmpdir, tmpdir_factory, unused_tcp_port, unused_tcp_port_factory, unused_udp_port, unused_udp_port_factory, user_token&#10;&gt;       use 'pytest --fixtures [testpath]' for help on them.&#10;&#10;/app/tests/test_products.py:12&quot;">file /app/tests/test_products.py, line 12
      def test_create_product_as_admin(self, client, admin_headers, test_category):
E       fixture 'admin_headers' not found
&gt;       available fixtures: _class_scoped_runner, _function_scoped_runner, _module_scoped_runner, _package_scoped_runner, _session_scoped_runner, anyio_backend, anyio_backend_name, anyio_backend_options, auth_headers, cache, capfd, capfdbinary, caplog, capsys, capsysbinary, capteesys, client, cov, db_session, doctest_namespace, event_loop_policy, free_tcp_port, free_tcp_port_factory, free_udp_port, free_udp_port_factory, monkeypatch, no_cover, pytestconfig, record_property, record_testsuite_property, record_xml_attribute, recwarn, test_user, tmp_path, tmp_path_factory, tmpdir, tmpdir_factory, unused_tcp_port, unused_tcp_port_factory, unused_udp_port, unused_udp_port_factory, user_token
&gt;       use 'pytest --fixtures [testpath]' for help on them.

/app/tests/test_products.py:12</error></testcase><testcase classname="tests.test_products.TestProducts" name="test_create_product_as_user" time="0.164"><error message="failed on setup with &quot;file /app/tests/test_products.py, line 30&#10;      def test_create_product_as_user(self, client, auth_headers, test_category):&#10;E       fixture 'test_category' not found&#10;&gt;       available fixtures: _class_scoped_runner, _function_scoped_runner, _module_scoped_runner, _package_scoped_runner, _session_scoped_runner, anyio_backend, anyio_backend_name, anyio_backend_options, auth_headers, cache, capfd, capfdbinary, caplog, capsys, capsysbinary, capteesys, client, cov, db_session, doctest_namespace, event_loop_policy, free_tcp_port, free_tcp_port_factory, free_udp_port, free_udp_port_factory, monkeypatch, no_cover, pytestconfig, record_property, record_testsuite_property, record_xml_attribute, recwarn, test_user, tmp_path, tmp_path_factory, tmpdir, tmpdir_factory, unused_tcp_port, unused_tcp_port_factory, unused_udp_port, unused_udp_port_factory, user_token&#10;&gt;       use 'pytest --fixtures [testpath]' for help on them.&#10;&#10;/app/tests/test_products.py:30&quot;">file /app/tests/test_products.py, line 30
      def test_create_product_as_user(self, client, auth_headers, test_category):
E       fixture 'test_category' not found
&gt;       available fixtures: _class_scoped_runner, _function_scoped_runner, _module_scoped_runner, _package_scoped_runner, _session_scoped_runner, anyio_backend, anyio_backend_name, anyio_backend_options, auth_headers, cache, capfd, capfdbinary, caplog, capsys, capsysbinary, capteesys, client, cov, db_session, doctest_namespace, event_loop_policy, free_tcp_port, free_tcp_port_factory, free_udp_port, free_udp_port_factory, monkeypatch, no_cover, pytestconfig, record_property, record_testsuite_property, record_xml_attribute, recwarn, test_user, tmp_path, tmp_path_factory, tmpdir, tmpdir_factory, unused_tcp_port, unused_tcp_port_factory, unused_udp_port, unused_udp_port_factory, user_token
&gt;       use 'pytest --fixtures [testpath]' for help on them.

/app/tests/test_products.py:30</error></testcase><testcase classname="tests.test_products.TestProducts" name="test_get_products_with_filters" time="0.136"><error message="failed on setup with &quot;file /app/tests/test_products.py, line 44&#10;      def test_get_products_with_filters(self, client, test_product):&#10;E       fixture 'test_product' not found&#10;&gt;       available fixtures: _class_scoped_runner, _function_scoped_runner, _module_scoped_runner, _package_scoped_runner, _session_scoped_runner, anyio_backend, anyio_backend_name, anyio_backend_options, auth_headers, cache, capfd, capfdbinary, caplog, capsys, capsysbinary, capteesys, client, cov, db_session, doctest_namespace, event_loop_policy, free_tcp_port, free_tcp_port_factory, free_udp_port, free_udp_port_factory, monkeypatch, no_cover, pytestconfig, record_property, record_testsuite_property, record_xml_attribute, recwarn, test_user, tmp_path, tmp_path_factory, tmpdir, tmpdir_factory, unused_tcp_port, unused_tcp_port_factory, unused_udp_port, unused_udp_port_factory, user_token&#10;&gt;       use 'pytest --fixtures [testpath]' for help on them.&#10;&#10;/app/tests/test_products.py:44&quot;">file /app/tests/test_products.py, line 44
      def test_get_products_with_filters(self, client, test_product):
E       fixture 'test_product' not found
&gt;       available fixtures: _class_scoped_runner, _function_scoped_runner, _module_scoped_runner, _package_scoped_runner, _session_scoped_runner, anyio_backend, anyio_backend_name, anyio_backend_options, auth_headers, cache, capfd, capfdbinary, caplog, capsys, capsysbinary, capteesys, client, cov, db_session, doctest_namespace, event_loop_policy, free_tcp_port, free_tcp_port_factory, free_udp_port, free_udp_port_factory, monkeypatch, no_cover, pytestconfig, record_property, record_testsuite_property, record_xml_attribute, recwarn, test_user, tmp_path, tmp_path_factory, tmpdir, tmpdir_factory, unused_tcp_port, unused_tcp_port_factory, unused_udp_port, unused_udp_port_factory, user_token
&gt;       use 'pytest --fixtures [testpath]' for help on them.

/app/tests/test_products.py:44</error></testcase><testcase classname="tests.test_products.TestProducts" name="test_get_product_by_id" time="0.113"><error message="failed on setup with &quot;file /app/tests/test_products.py, line 65&#10;      def test_get_product_by_id(self, client, test_product):&#10;E       fixture 'test_product' not found&#10;&gt;       available fixtures: _class_scoped_runner, _function_scoped_runner, _module_scoped_runner, _package_scoped_runner, _session_scoped_runner, anyio_backend, anyio_backend_name, anyio_backend_options, auth_headers, cache, capfd, capfdbinary, caplog, capsys, capsysbinary, capteesys, client, cov, db_session, doctest_namespace, event_loop_policy, free_tcp_port, free_tcp_port_factory, free_udp_port, free_udp_port_factory, monkeypatch, no_cover, pytestconfig, record_property, record_testsuite_property, record_xml_attribute, recwarn, test_user, tmp_path, tmp_path_factory, tmpdir, tmpdir_factory, unused_tcp_port, unused_tcp_port_factory, unused_udp_port, unused_udp_port_factory, user_token&#10;&gt;       use 'pytest --fixtures [testpath]' for help on them.&#10;&#10;/app/tests/test_products.py:65&quot;">file /app/tests/test_products.py, line 65
      def test_get_product_by_id(self, client, test_product):
E       fixture 'test_product' not found
&gt;       available fixtures: _class_scoped_runner, _function_scoped_runner, _module_scoped_runner, _package_scoped_runner, _session_scoped_runner, anyio_backend, anyio_backend_name, anyio_backend_options, auth_headers, cache, capfd, capfdbinary, caplog, capsys, capsysbinary, capteesys, client, cov, db_session, doctest_namespace, event_loop_policy, free_tcp_port, free_tcp_port_factory, free_udp_port, free_udp_port_factory, monkeypatch, no_cover, pytestconfig, record_property, record_testsuite_property, record_xml_attribute, recwarn, test_user, tmp_path, tmp_path_factory, tmpdir, tmpdir_factory, unused_tcp_port, unused_tcp_port_factory, unused_udp_port, unused_udp_port_factory, user_token
&gt;       use 'pytest --fixtures [testpath]' for help on them.

/app/tests/test_products.py:65</error></testcase><testcase classname="tests.test_products.TestProducts" name="test_get_nonexistent_product" time="0.113" /><testcase classname="tests.test_products.TestProducts" name="test_update_product_as_admin" time="0.103"><error message="failed on setup with &quot;file /app/tests/test_products.py, line 78&#10;      def test_update_product_as_admin(self, client, admin_headers, test_product):&#10;E       fixture 'admin_headers' not found&#10;&gt;       available fixtures: _class_scoped_runner, _function_scoped_runner, _module_scoped_runner, _package_scoped_runner, _session_scoped_runner, anyio_backend, anyio_backend_name, anyio_backend_options, auth_headers, cache, capfd, capfdbinary, caplog, capsys, capsysbinary, capteesys, client, cov, db_session, doctest_namespace, event_loop_policy, free_tcp_port, free_tcp_port_factory, free_udp_port, free_udp_port_factory, monkeypatch, no_cover, pytestconfig, record_property, record_testsuite_property, record_xml_attribute, recwarn, test_user, tmp_path, tmp_path_factory, tmpdir, tmpdir_factory, unused_tcp_port, unused_tcp_port_factory, unused_udp_port, unused_udp_port_factory, user_token&#10;&gt;       use 'pytest --fixtures [testpath]' for help on them.&#10;&#10;/app/tests/test_products.py:78&quot;">file /app/tests/test_products.py, line 78
      def test_update_product_as_admin(self, client, admin_headers, test_product):
E       fixture 'admin_headers' not found
&gt;       available fixtures: _class_scoped_runner, _function_scoped_runner, _module_scoped_runner, _package_scoped_runner, _session_scoped_runner, anyio_backend, anyio_backend_name, anyio_backend_options, auth_headers, cache, capfd, capfdbinary, caplog, capsys, capsysbinary, capteesys, client, cov, db_session, doctest_namespace, event_loop_policy, free_tcp_port, free_tcp_port_factory, free_udp_port, free_udp_port_factory, monkeypatch, no_cover, pytestconfig, record_property, record_testsuite_property, record_xml_attribute, recwarn, test_user, tmp_path, tmp_path_factory, tmpdir, tmpdir_factory, unused_tcp_port, unused_tcp_port_factory, unused_udp_port, unused_udp_port_factory, user_token
&gt;       use 'pytest --fixtures [testpath]' for help on them.

/app/tests/test_products.py:78</error></testcase><testcase classname="tests.test_products.TestProducts" name="test_delete_product_as_admin" time="0.105"><error message="failed on setup with &quot;file /app/tests/test_products.py, line 93&#10;      def test_delete_product_as_admin(self, client, admin_headers, test_product):&#10;E       fixture 'admin_headers' not found&#10;&gt;       available fixtures: _class_scoped_runner, _function_scoped_runner, _module_scoped_runner, _package_scoped_runner, _session_scoped_runner, anyio_backend, anyio_backend_name, anyio_backend_options, auth_headers, cache, capfd, capfdbinary, caplog, capsys, capsysbinary, capteesys, client, cov, db_session, doctest_namespace, event_loop_policy, free_tcp_port, free_tcp_port_factory, free_udp_port, free_udp_port_factory, monkeypatch, no_cover, pytestconfig, record_property, record_testsuite_property, record_xml_attribute, recwarn, test_user, tmp_path, tmp_path_factory, tmpdir, tmpdir_factory, unused_tcp_port, unused_tcp_port_factory, unused_udp_port, unused_udp_port_factory, user_token&#10;&gt;       use 'pytest --fixtures [testpath]' for help on them.&#10;&#10;/app/tests/test_products.py:93&quot;">file /app/tests/test_products.py, line 93
      def test_delete_product_as_admin(self, client, admin_headers, test_product):
E       fixture 'admin_headers' not found
&gt;       available fixtures: _class_scoped_runner, _function_scoped_runner, _module_scoped_runner, _package_scoped_runner, _session_scoped_runner, anyio_backend, anyio_backend_name, anyio_backend_options, auth_headers, cache, capfd, capfdbinary, caplog, capsys, capsysbinary, capteesys, client, cov, db_session, doctest_namespace, event_loop_policy, free_tcp_port, free_tcp_port_factory, free_udp_port, free_udp_port_factory, monkeypatch, no_cover, pytestconfig, record_property, record_testsuite_property, record_xml_attribute, recwarn, test_user, tmp_path, tmp_path_factory, tmpdir, tmpdir_factory, unused_tcp_port, unused_tcp_port_factory, unused_udp_port, unused_udp_port_factory, user_token
&gt;       use 'pytest --fixtures [testpath]' for help on them.

/app/tests/test_products.py:93</error></testcase><testcase classname="tests.test_products.TestProducts" name="test_pagination" time="0.104"><error message="failed on setup with &quot;file /app/tests/test_products.py, line 105&#10;      def test_pagination(self, client, db_session, test_category):&#10;E       fixture 'test_category' not found&#10;&gt;       available fixtures: _class_scoped_runner, _function_scoped_runner, _module_scoped_runner, _package_scoped_runner, _session_scoped_runner, anyio_backend, anyio_backend_name, anyio_backend_options, auth_headers, cache, capfd, capfdbinary, caplog, capsys, capsysbinary, capteesys, client, cov, db_session, doctest_namespace, event_loop_policy, free_tcp_port, free_tcp_port_factory, free_udp_port, free_udp_port_factory, monkeypatch, no_cover, pytestconfig, record_property, record_testsuite_property, record_xml_attribute, recwarn, test_user, tmp_path, tmp_path_factory, tmpdir, tmpdir_factory, unused_tcp_port, unused_tcp_port_factory, unused_udp_port, unused_udp_port_factory, user_token&#10;&gt;       use 'pytest --fixtures [testpath]' for help on them.&#10;&#10;/app/tests/test_products.py:105&quot;">file /app/tests/test_products.py, line 105
      def test_pagination(self, client, db_session, test_category):
E       fixture 'test_category' not found
&gt;       available fixtures: _class_scoped_runner, _function_scoped_runner, _module_scoped_runner, _package_scoped_runner, _session_scoped_runner, anyio_backend, anyio_backend_name, anyio_backend_options, auth_headers, cache, capfd, capfdbinary, caplog, capsys, capsysbinary, capteesys, client, cov, db_session, doctest_namespace, event_loop_policy, free_tcp_port, free_tcp_port_factory, free_udp_port, free_udp_port_factory, monkeypatch, no_cover, pytestconfig, record_property, record_testsuite_property, record_xml_attribute, recwarn, test_user, tmp_path, tmp_path_factory, tmpdir, tmpdir_factory, unused_tcp_port, unused_tcp_port_factory, unused_udp_port, unused_udp_port_factory, user_token
&gt;       use 'pytest --fixtures [testpath]' for help on them.

/app/tests/test_products.py:105</error></testcase><testcase classname="tests.test_promotions.TestPromotions" name="test_create_promotion_as_admin" time="0.106"><error message="failed on setup with &quot;file /app/tests/test_promotions.py, line 7&#10;      def test_create_promotion_as_admin(self, client, admin_headers):&#10;E       fixture 'admin_headers' not found&#10;&gt;       available fixtures: _class_scoped_runner, _function_scoped_runner, _module_scoped_runner, _package_scoped_runner, _session_scoped_runner, anyio_backend, anyio_backend_name, anyio_backend_options, auth_headers, cache, capfd, capfdbinary, caplog, capsys, capsysbinary, capteesys, client, cov, db_session, doctest_namespace, event_loop_policy, free_tcp_port, free_tcp_port_factory, free_udp_port, free_udp_port_factory, monkeypatch, no_cover, pytestconfig, record_property, record_testsuite_property, record_xml_attribute, recwarn, test_user, tmp_path, tmp_path_factory, tmpdir, tmpdir_factory, unused_tcp_port, unused_tcp_port_factory, unused_udp_port, unused_udp_port_factory, user_token&#10;&gt;       use 'pytest --fixtures [testpath]' for help on them.&#10;&#10;/app/tests/test_promotions.py:7&quot;">file /app/tests/test_promotions.py, line 7
      def test_create_promotion_as_admin(self, client, admin_headers):
E       fixture 'admin_headers' not found
&gt;       available fixtures: _class_scoped_runner, _function_scoped_runner, _module_scoped_runner, _package_scoped_runner, _session_scoped_runner, anyio_backend, anyio_backend_name, anyio_backend_options, auth_headers, cache, capfd, capfdbinary, caplog, capsys, capsysbinary, capteesys, client, cov, db_session, doctest_namespace, event_loop_policy, free_tcp_port, free_tcp_port_factory, free_udp_port, free_udp_port_factory, monkeypatch, no_cover, pytestconfig, record_property, record_testsuite_property, record_xml_attribute, recwarn, test_user, tmp_path, tmp_path_factory, tmpdir, tmpdir_factory, unused_tcp_port, unused_tcp_port_factory, unused_udp_port, unused_udp_port_factory, user_token
&gt;       use 'pytest --fixtures [testpath]' for help on them.

/app/tests/test_promotions.py:7</error></testcase><testcase classname="tests.test_promotions.TestPromotions" name="test_apply_valid_promotion" time="0.117"><error message="failed on setup with &quot;file /app/tests/test_promotions.py, line 32&#10;      def test_apply_valid_promotion(self, client, db_session, admin_headers, test_product):&#10;E       fixture 'admin_headers' not found&#10;&gt;       available fixtures: _class_scoped_runner, _function_scoped_runner, _module_scoped_runner, _package_scoped_runner, _session_scoped_runner, anyio_backend, anyio_backend_name, anyio_backend_options, auth_headers, cache, capfd, capfdbinary, caplog, capsys, capsysbinary, capteesys, client, cov, db_session, doctest_namespace, event_loop_policy, free_tcp_port, free_tcp_port_factory, free_udp_port, free_udp_port_factory, monkeypatch, no_cover, pytestconfig, record_property, record_testsuite_property, record_xml_attribute, recwarn, test_user, tmp_path, tmp_path_factory, tmpdir, tmpdir_factory, unused_tcp_port, unused_tcp_port_factory, unused_udp_port, unused_udp_port_factory, user_token&#10;&gt;       use 'pytest --fixtures [testpath]' for help on them.&#10;&#10;/app/tests/test_promotions.py:32&quot;">file /app/tests/test_promotions.py, line 32
      def test_apply_valid_promotion(self, client, db_session, admin_headers, test_product):
E       fixture 'admin_headers' not found
&gt;       available fixtures: _class_scoped_runner, _function_scoped_runner, _module_scoped_runner, _package_scoped_runner, _session_scoped_runner, anyio_backend, anyio_backend_name, anyio_backend_options, auth_headers, cache, capfd, capfdbinary, caplog, capsys, capsysbinary, capteesys, client, cov, db_session, doctest_namespace, event_loop_policy, free_tcp_port, free_tcp_port_factory, free_udp_port, free_udp_port_factory, monkeypatch, no_cover, pytestconfig, record_property, record_testsuite_property, record_xml_attribute, recwarn, test_user, tmp_path, tmp_path_factory, tmpdir, tmpdir_factory, unused_tcp_port, unused_tcp_port_factory, unused_udp_port, unused_udp_port_factory, user_token
&gt;       use 'pytest --fixtures [testpath]' for help on them.

/app/tests/test_promotions.py:32</error></testcase><testcase classname="tests.test_promotions.TestPromotions" name="test_apply_expired_promotion" time="0.107"><error message="failed on setup with &quot;file /app/tests/test_promotions.py, line 66&#10;      def test_apply_expired_promotion(self, client, admin_headers):&#10;E       fixture 'admin_headers' not found&#10;&gt;       available fixtures: _class_scoped_runner, _function_scoped_runner, _module_scoped_runner, _package_scoped_runner, _session_scoped_runner, anyio_backend, anyio_backend_name, anyio_backend_options, auth_headers, cache, capfd, capfdbinary, caplog, capsys, capsysbinary, capteesys, client, cov, db_session, doctest_namespace, event_loop_policy, free_tcp_port, free_tcp_port_factory, free_udp_port, free_udp_port_factory, monkeypatch, no_cover, pytestconfig, record_property, record_testsuite_property, record_xml_attribute, recwarn, test_user, tmp_path, tmp_path_factory, tmpdir, tmpdir_factory, unused_tcp_port, unused_tcp_port_factory, unused_udp_port, unused_udp_port_factory, user_token&#10;&gt;       use 'pytest --fixtures [testpath]' for help on them.&#10;&#10;/app/tests/test_promotions.py:66&quot;">file /app/tests/test_promotions.py, line 66
      def test_apply_expired_promotion(self, client, admin_headers):
E       fixture 'admin_headers' not found
&gt;       available fixtures: _class_scoped_runner, _function_scoped_runner, _module_scoped_runner, _package_scoped_runner, _session_scoped_runner, anyio_backend, anyio_backend_name, anyio_backend_options, auth_headers, cache, capfd, capfdbinary, caplog, capsys, capsysbinary, capteesys, client, cov, db_session, doctest_namespace, event_loop_policy, free_tcp_port, free_tcp_port_factory, free_udp_port, free_udp_port_factory, monkeypatch, no_cover, pytestconfig, record_property, record_testsuite_property, record_xml_attribute, recwarn, test_user, tmp_path, tmp_path_factory, tmpdir, tmpdir_factory, unused_tcp_port, unused_tcp_port_factory, unused_udp_port, unused_udp_port_factory, user_token
&gt;       use 'pytest --fixtures [testpath]' for help on them.

/app/tests/test_promotions.py:66</error></testcase><testcase classname="tests.test_promotions.TestPromotions" name="test_promotion_usage_limit" time="0.108"><error message="failed on setup with &quot;file /app/tests/test_promotions.py, line 96&#10;      def test_promotion_usage_limit(self, client, db_session, admin_headers):&#10;E       fixture 'admin_headers' not found&#10;&gt;       available fixtures: _class_scoped_runner, _function_scoped_runner, _module_scoped_runner, _package_scoped_runner, _session_scoped_runner, anyio_backend, anyio_backend_name, anyio_backend_options, auth_headers, cache, capfd, capfdbinary, caplog, capsys, capsysbinary, capteesys, client, cov, db_session, doctest_namespace, event_loop_policy, free_tcp_port, free_tcp_port_factory, free_udp_port, free_udp_port_factory, monkeypatch, no_cover, pytestconfig, record_property, record_testsuite_property, record_xml_attribute, recwarn, test_user, tmp_path, tmp_path_factory, tmpdir, tmpdir_factory, unused_tcp_port, unused_tcp_port_factory, unused_udp_port, unused_udp_port_factory, user_token&#10;&gt;       use 'pytest --fixtures [testpath]' for help on them.&#10;&#10;/app/tests/test_promotions.py:96&quot;">file /app/tests/test_promotions.py, line 96
      def test_promotion_usage_limit(self, client, db_session, admin_headers):
E       fixture 'admin_headers' not found
&gt;       available fixtures: _class_scoped_runner, _function_scoped_runner, _module_scoped_runner, _package_scoped_runner, _session_scoped_runner, anyio_backend, anyio_backend_name, anyio_backend_options, auth_headers, cache, capfd, capfdbinary, caplog, capsys, capsysbinary, capteesys, client, cov, db_session, doctest_namespace, event_loop_policy, free_tcp_port, free_tcp_port_factory, free_udp_port, free_udp_port_factory, monkeypatch, no_cover, pytestconfig, record_property, record_testsuite_property, record_xml_attribute, recwarn, test_user, tmp_path, tmp_path_factory, tmpdir, tmpdir_factory, unused_tcp_port, unused_tcp_port_factory, unused_udp_port, unused_udp_port_factory, user_token
&gt;       use 'pytest --fixtures [testpath]' for help on them.

/app/tests/test_promotions.py:96</error></testcase><testcase classname="tests.test_reviews.TestReviews" name="test_create_review_authenticated" time="0.169"><error message="failed on setup with &quot;file /app/tests/test_reviews.py, line 6&#10;      def test_create_review_authenticated(self, client, auth_headers, test_product):&#10;E       fixture 'test_product' not found&#10;&gt;       available fixtures: _class_scoped_runner, _function_scoped_runner, _module_scoped_runner, _package_scoped_runner, _session_scoped_runner, anyio_backend, anyio_backend_name, anyio_backend_options, auth_headers, cache, capfd, capfdbinary, caplog, capsys, capsysbinary, capteesys, client, cov, db_session, doctest_namespace, event_loop_policy, free_tcp_port, free_tcp_port_factory, free_udp_port, free_udp_port_factory, monkeypatch, no_cover, pytestconfig, record_property, record_testsuite_property, record_xml_attribute, recwarn, test_user, tmp_path, tmp_path_factory, tmpdir, tmpdir_factory, unused_tcp_port, unused_tcp_port_factory, unused_udp_port, unused_udp_port_factory, user_token&#10;&gt;       use 'pytest --fixtures [testpath]' for help on them.&#10;&#10;/app/tests/test_reviews.py:6&quot;">file /app/tests/test_reviews.py, line 6
      def test_create_review_authenticated(self, client, auth_headers, test_product):
E       fixture 'test_product' not found
&gt;       available fixtures: _class_scoped_runner, _function_scoped_runner, _module_scoped_runner, _package_scoped_runner, _session_scoped_runner, anyio_backend, anyio_backend_name, anyio_backend_options, auth_headers, cache, capfd, capfdbinary, caplog, capsys, capsysbinary, capteesys, client, cov, db_session, doctest_namespace, event_loop_policy, free_tcp_port, free_tcp_port_factory, free_udp_port, free_udp_port_factory, monkeypatch, no_cover, pytestconfig, record_property, record_testsuite_property, record_xml_attribute, recwarn, test_user, tmp_path, tmp_path_factory, tmpdir, tmpdir_factory, unused_tcp_port, unused_tcp_port_factory, unused_udp_port, unused_udp_port_factory, user_token
&gt;       use 'pytest --fixtures [testpath]' for help on them.

/app/tests/test_reviews.py:6</error></testcase><testcase classname="tests.test_reviews.TestReviews" name="test_create_review_unauthenticated" time="0.104"><error message="failed on setup with &quot;file /app/tests/test_reviews.py, line 21&#10;      def test_create_review_unauthenticated(self, client, test_product):&#10;E       fixture 'test_product' not found&#10;&gt;       available fixtures: _class_scoped_runner, _function_scoped_runner, _module_scoped_runner, _package_scoped_runner, _session_scoped_runner, anyio_backend, anyio_backend_name, anyio_backend_options, auth_headers, cache, capfd, capfdbinary, caplog, capsys, capsysbinary, capteesys, client, cov, db_session, doctest_namespace, event_loop_policy, free_tcp_port, free_tcp_port_factory, free_udp_port, free_udp_port_factory, monkeypatch, no_cover, pytestconfig, record_property, record_testsuite_property, record_xml_attribute, recwarn, test_user, tmp_path, tmp_path_factory, tmpdir, tmpdir_factory, unused_tcp_port, unused_tcp_port_factory, unused_udp_port, unused_udp_port_factory, user_token&#10;&gt;       use 'pytest --fixtures [testpath]' for help on them.&#10;&#10;/app/tests/test_reviews.py:21&quot;">file /app/tests/test_reviews.py, line 21
      def test_create_review_unauthenticated(self, client, test_product):
E       fixture 'test_product' not found
&gt;       available fixtures: _class_scoped_runner, _function_scoped_runner, _module_scoped_runner, _package_scoped_runner, _session_scoped_runner, anyio_backend, anyio_backend_name, anyio_backend_options, auth_headers, cache, capfd, capfdbinary, caplog, capsys, capsysbinary, capteesys, client, cov, db_session, doctest_namespace, event_loop_policy, free_tcp_port, free_tcp_port_factory, free_udp_port, free_udp_port_factory, monkeypatch, no_cover, pytestconfig, record_property, record_testsuite_property, record_xml_attribute, recwarn, test_user, tmp_path, tmp_path_factory, tmpdir, tmpdir_factory, unused_tcp_port, unused_tcp_port_factory, unused_udp_port, unused_udp_port_factory, user_token
&gt;       use 'pytest --fixtures [testpath]' for help on them.

/app/tests/test_reviews.py:21</error></testcase><testcase classname="tests.test_reviews.TestReviews" name="test_get_product_reviews" time="0.106"><error message="failed on setup with &quot;file /app/tests/test_reviews.py, line 32&#10;      def test_get_product_reviews(self, client, db_session, test_product, test_user):&#10;E       fixture 'test_product' not found&#10;&gt;       available fixtures: _class_scoped_runner, _function_scoped_runner, _module_scoped_runner, _package_scoped_runner, _session_scoped_runner, anyio_backend, anyio_backend_name, anyio_backend_options, auth_headers, cache, capfd, capfdbinary, caplog, capsys, capsysbinary, capteesys, client, cov, db_session, doctest_namespace, event_loop_policy, free_tcp_port, free_tcp_port_factory, free_udp_port, free_udp_port_factory, monkeypatch, no_cover, pytestconfig, record_property, record_testsuite_property, record_xml_attribute, recwarn, test_user, tmp_path, tmp_path_factory, tmpdir, tmpdir_factory, unused_tcp_port, unused_tcp_port_factory, unused_udp_port, unused_udp_port_factory, user_token&#10;&gt;       use 'pytest --fixtures [testpath]' for help on them.&#10;&#10;/app/tests/test_reviews.py:32&quot;">file /app/tests/test_reviews.py, line 32
      def test_get_product_reviews(self, client, db_session, test_product, test_user):
E       fixture 'test_product' not found
&gt;       available fixtures: _class_scoped_runner, _function_scoped_runner, _module_scoped_runner, _package_scoped_runner, _session_scoped_runner, anyio_backend, anyio_backend_name, anyio_backend_options, auth_headers, cache, capfd, capfdbinary, caplog, capsys, capsysbinary, capteesys, client, cov, db_session, doctest_namespace, event_loop_policy, free_tcp_port, free_tcp_port_factory, free_udp_port, free_udp_port_factory, monkeypatch, no_cover, pytestconfig, record_property, record_testsuite_property, record_xml_attribute, recwarn, test_user, tmp_path, tmp_path_factory, tmpdir, tmpdir_factory, unused_tcp_port, unused_tcp_port_factory, unused_udp_port, unused_udp_port_factory, user_token
&gt;       use 'pytest --fixtures [testpath]' for help on them.

/app/tests/test_reviews.py:32</error></testcase><testcase classname="tests.test_reviews.TestReviews" name="test_update_own_review" time="0.188"><error message="failed on setup with &quot;file /app/tests/test_reviews.py, line 50&#10;      def test_update_own_review(self, client, auth_headers, db_session, test_product, test_user):&#10;E       fixture 'test_product' not found&#10;&gt;       available fixtures: _class_scoped_runner, _function_scoped_runner, _module_scoped_runner, _package_scoped_runner, _session_scoped_runner, anyio_backend, anyio_backend_name, anyio_backend_options, auth_headers, cache, capfd, capfdbinary, caplog, capsys, capsysbinary, capteesys, client, cov, db_session, doctest_namespace, event_loop_policy, free_tcp_port, free_tcp_port_factory, free_udp_port, free_udp_port_factory, monkeypatch, no_cover, pytestconfig, record_property, record_testsuite_property, record_xml_attribute, recwarn, test_user, tmp_path, tmp_path_factory, tmpdir, tmpdir_factory, unused_tcp_port, unused_tcp_port_factory, unused_udp_port, unused_udp_port_factory, user_token&#10;&gt;       use 'pytest --fixtures [testpath]' for help on them.&#10;&#10;/app/tests/test_reviews.py:50&quot;">file /app/tests/test_reviews.py, line 50
      def test_update_own_review(self, client, auth_headers, db_session, test_product, test_user):
E       fixture 'test_product' not found
&gt;       available fixtures: _class_scoped_runner, _function_scoped_runner, _module_scoped_runner, _package_scoped_runner, _session_scoped_runner, anyio_backend, anyio_backend_name, anyio_backend_options, auth_headers, cache, capfd, capfdbinary, caplog, capsys, capsysbinary, capteesys, client, cov, db_session, doctest_namespace, event_loop_policy, free_tcp_port, free_tcp_port_factory, free_udp_port, free_udp_port_factory, monkeypatch, no_cover, pytestconfig, record_property, record_testsuite_property, record_xml_attribute, recwarn, test_user, tmp_path, tmp_path_factory, tmpdir, tmpdir_factory, unused_tcp_port, unused_tcp_port_factory, unused_udp_port, unused_udp_port_factory, user_token
&gt;       use 'pytest --fixtures [testpath]' for help on them.

/app/tests/test_reviews.py:50</error></testcase><testcase classname="tests.test_reviews.TestReviews" name="test_delete_own_review" time="0.159"><error message="failed on setup with &quot;file /app/tests/test_reviews.py, line 71&#10;      def test_delete_own_review(self, client, auth_headers, db_session, test_product, test_user):&#10;E       fixture 'test_product' not found&#10;&gt;       available fixtures: _class_scoped_runner, _function_scoped_runner, _module_scoped_runner, _package_scoped_runner, _session_scoped_runner, anyio_backend, anyio_backend_name, anyio_backend_options, auth_headers, cache, capfd, capfdbinary, caplog, capsys, capsysbinary, capteesys, client, cov, db_session, doctest_namespace, event_loop_policy, free_tcp_port, free_tcp_port_factory, free_udp_port, free_udp_port_factory, monkeypatch, no_cover, pytestconfig, record_property, record_testsuite_property, record_xml_attribute, recwarn, test_user, tmp_path, tmp_path_factory, tmpdir, tmpdir_factory, unused_tcp_port, unused_tcp_port_factory, unused_udp_port, unused_udp_port_factory, user_token&#10;&gt;       use 'pytest --fixtures [testpath]' for help on them.&#10;&#10;/app/tests/test_reviews.py:71&quot;">file /app/tests/test_reviews.py, line 71
      def test_delete_own_review(self, client, auth_headers, db_session, test_product, test_user):
E       fixture 'test_product' not found
&gt;       available fixtures: _class_scoped_runner, _function_scoped_runner, _module_scoped_runner, _package_scoped_runner, _session_scoped_runner, anyio_backend, anyio_backend_name, anyio_backend_options, auth_headers, cache, capfd, capfdbinary, caplog, capsys, capsysbinary, capteesys, client, cov, db_session, doctest_namespace, event_loop_policy, free_tcp_port, free_tcp_port_factory, free_udp_port, free_udp_port_factory, monkeypatch, no_cover, pytestconfig, record_property, record_testsuite_property, record_xml_attribute, recwarn, test_user, tmp_path, tmp_path_factory, tmpdir, tmpdir_factory, unused_tcp_port, unused_tcp_port_factory, unused_udp_port, unused_udp_port_factory, user_token
&gt;       use 'pytest --fixtures [testpath]' for help on them.

/app/tests/test_reviews.py:71</error></testcase><testcase classname="tests.test_simple" name="test_simple_imports" time="0.001" /><testcase classname="tests.test_simple" name="test_simple_db" time="0.158" /><testcase classname="tests.test_simple" name="test_simple_auth_with_direct_token" time="0.176"><failure message="AssertionError: assert 'admin' == 'tokenuser'&#10;  &#10;  - tokenuser&#10;  + admin">client = &lt;starlette.testclient.TestClient object at 0x7f971c526c90&gt;
db_session = &lt;sqlalchemy.orm.session.Session object at 0x7f97164b7850&gt;

    def test_simple_auth_with_direct_token(client, db_session):
        """Тест аутентификации с прямым созданием токена"""
        from app.models.models import User
        from app.services.auth import AuthService
    
        # Сначала удаляем существующего пользователя если есть
        existing_user = db_session.query(User).filter(User.email == "token@example.com").first()
        if existing_user:
            db_session.delete(existing_user)
            db_session.commit()
    
        # Создаем пользователя
        user = User(
            email="token@example.com",
            username="tokenuser",
            first_name="Token",
            last_name="User",
            hashed_password=AuthService.get_password_hash("token123!eeeeDDDDCC"),
            is_active=True
        )
        db_session.add(user)
        db_session.commit()
        db_session.refresh(user)
    
        print(f"#x1F50D Created user ID: {user.id}, username: {user.username}")
    
        # Создаем токен напрямую - убедитесь что используем правильный ID
        token = AuthService.create_access_token(data={"sub": str(user.id)})
        print(f"#x1F50D Created token for user ID: {user.id}")
    
        # Используем токен
        headers = {"Authorization": f"Bearer {token}"}
        response = client.get("/auth/me", headers=headers)
    
        print(f"#x1F50D Response status: {response.status_code}")
        print(f"#x1F50D Response text: {response.text}")
    
        if response.status_code == 200:
            data = response.json()
            print(f"#x1F50D Returned user data - username: '{data.get('username')}', email: '{data.get('email')}'")
            print(f"#x1F50D Returned user ID: {data.get('id')}")
    
            # Проверяем что вернулся правильный пользователь
&gt;           assert data["username"] == "tokenuser"
E           AssertionError: assert 'admin' == 'tokenuser'
E             
E             - tokenuser
E             + admin

tests/test_simple.py:81: AssertionError</failure></testcase></testsuite></testsuites>